Using launch settings from C:\git\joslat\MAFPlayground\MAFPlayground\Properties\launchSettings.json...
